{"kind": "protocol-info", "rest": "[...]"}
{"kind": "response", "query-id": "1", "response": [{"level": "warning", "message": "Pattern uses these theory symbols or terms that should not be in an smt pattern:  Prims.eq2 Prims.eq2", "number": 271, "ranges": [{"beg": [1010, 2], "end": [1010, 136], "fname": "FStar.List.Tot.Properties.fst"}]}], "status": "success"}
{"kind": "response", "query-id": "2", "response": [{"level": "error", "message": "Expected expression of type \"int\"; got expression \"\"A\"\" of type \"string\"", "number": 189, "ranges": [{"beg": [4, 48], "end": [4, 51], "fname": "<input>"}]}], "status": "success"}
{"kind": "response", "query-id": "3", "response": [{"level": "error", "message": "Expected expression of type \"int\"; got expression \"\"A\"\" of type \"string\"", "number": 189, "ranges": [{"beg": [4, 48], "end": [4, 51], "fname": "<input>"}]}], "status": "failure"}
{"kind": "response", "query-id": "4", "response": [], "status": "success"}
{"contents": {"depth": 1, "goals": [{"goal": {"label": "", "type": "bool", "witness": "(*?u[...]*) _"}, "hyps": []}], "label": "at the time of failure", "location": "<location removed>", "smt-goals": []}, "kind": "message", "level": "proof-state", "query-id": "5"}
{"kind": "response", "query-id": "5", "response": [{"level": "error", "message": "user tactic failed: exact: 1 : int does not exactly solve the goal bool (witness = (*?u[...]*) _)", "number": 228, "ranges": [{"beg": [4, 14], "end": [4, 57], "fname": "<input>"}, {"beg": [71, 12], "end": [71, 16], "fname": "FStar.Tactics.Derived.fst"}]}], "status": "failure"}
