{"kind": "protocol-info", "rest": "[...]"}
{"kind": "response", "query-id": "1", "response": [{"level": "warning", "message": "Pattern uses these theory symbols or terms that should not be in an smt pattern:  Prims.eq2 Prims.eq2", "number": 271, "ranges": [{"beg": [1010, 2], "end": [1010, 136], "fname": "FStar.List.Tot.Properties.fst"}]}, {"level": "warning", "message": "Pattern uses these theory symbols or terms that should not be in an smt pattern:  Prims.op_Addition 1", "number": 271, "ranges": [{"beg": [609, 2], "end": [609, 49], "fname": "FStar.Seq.Properties.fsti"}]}, {"level": "warning", "message": "Pattern uses these theory symbols or terms that should not be in an smt pattern:  0", "number": 271, "ranges": [{"beg": [626, 2], "end": [626, 33], "fname": "FStar.Seq.Properties.fsti"}]}], "status": "success"}
{"contents": "<input>(1,0-1,0): (Error 147) Effect template STATE_h should be applied to arguments for its binders ((heap: Type)) before it can be used at an effect position\n", "kind": "message", "level": "error", "query-id": "2"}
{"contents": "1 error was reported (see above)\n", "kind": "message", "level": "error", "query-id": "2"}
