0x0
0xf
0xff
0x0
0xf
0xffff
0x0
0xf
0xffffffff
0x0
0xf
0xffffffffffffffff
0
15
255
0
15
65535
0
15
4294967295
0
15
18446744073709551615
00
0f
ff
0000
000f
ffff
00000000
0000000f
ffffffff
0000000000000000
000000000000000f
ffffffffffffffff
000
015
255
00000
00015
65535
0000000000
0000000015
4294967295
00000000000000000000
00000000000000000015
18446744073709551615
