>> Got issues: [
QuickTestNBE.fst(127,2-130,34): (Error 19)  (Also see: QuickTestNBE(1,2-3,4))(Other related locations: QuickTestNBE.fst(111,12-111,15)); The solver found a (partial) counterexample, try to spell your proof in more detail or increase fuel/ifuel
>>]
Verified module: QuickTestNBE
All verification conditions discharged successfully
