>> Got issues: [
Unit2.fst(37,21-38,60): (Error 19) assertion failed; The solver found a (partial) counterexample, try to spell your proof in more detail or increase fuel/ifuel
>>]
Verified module: Unit2
All verification conditions discharged successfully
