{"kind": "[...]"}
{"kind": "response", "query-id": "1", "response": [], "status": "success"}
