{"kind": "[...]"}
{"kind": "response", "query-id": "1", "response": "Unknown query 'repl-info'", "status": "protocol-violation"}
