{"kind": "[...]"}
{"kind": "response", "query-id": "1", "response": [], "status": "success"}
{"kind": "response", "query-id": "2", "response": [{"lid": "append_cons_snoc", "type": "u[...]:FStar.Seq.Base.seq a ->\nx:a ->\nv:FStar.Seq.Base.seq a ->\nPrims.Lemma Prims.unit\n  (FStar.Seq.Base.equal (FStar.Seq.Base.append u[...] (FStar.Seq.Properties.cons x v))\n      (FStar.Seq.Base.append (FStar.Seq.Properties.snoc u[...] x) v))\n  Prims.Nil"}, {"lid": "lemma_cons_snoc", "type": "hd:a ->\ns:FStar.Seq.Base.seq a ->\ntl:a ->\nPrims.Lemma Prims.unit\n  (FStar.Seq.Base.equal (FStar.Seq.Properties.cons hd (FStar.Seq.Properties.snoc s tl))\n      (FStar.Seq.Properties.snoc (FStar.Seq.Properties.cons hd s) tl))\n  Prims.Nil"}], "status": "success"}
{"kind": "response", "query-id": "3", "response": [{"lid": "lemma_cons_snoc", "type": "hd:a ->\ns:FStar.Seq.Base.seq a ->\ntl:a ->\nPrims.Lemma Prims.unit\n  (FStar.Seq.Base.equal (FStar.Seq.Properties.cons hd (FStar.Seq.Properties.snoc s tl))\n      (FStar.Seq.Properties.snoc (FStar.Seq.Properties.cons hd s) tl))\n  Prims.Nil"}], "status": "success"}
{"kind": "response", "query-id": "4", "response": [{"lid": "append_cons_snoc", "type": "u[...]:FStar.Seq.Base.seq a ->\nx:a ->\nv:FStar.Seq.Base.seq a ->\nPrims.Lemma Prims.unit\n  (FStar.Seq.Base.equal (FStar.Seq.Base.append u[...] (FStar.Seq.Properties.cons x v))\n      (FStar.Seq.Base.append (FStar.Seq.Properties.snoc u[...] x) v))\n  Prims.Nil"}], "status": "success"}
